Microchip MPLAB XC8 Compiler V2.36

Linker command line:

-W-2 --edf=C:\Program Files\Microchip\xc8\v2.36\pic\dat\en_msgs.txt -cn \
  -h+dist/default/debug\G-790B-GS.X.debug.sym \
  --cmf=dist/default/debug\G-790B-GS.X.debug.cmf -z -Q18F45K80 \
  -oC:\Users\NGUYEN~1\AppData\Local\Temp\xcAs5lg.4 \
  -Mdist/default/debug/G-790B-GS.X.debug.map \
  --md=C:\Users\NGUYEN~1\AppData\Local\Temp\xcAs5lg.dat -E1 \
  -ver=XC8 Compiler -ACODE=00h-07FFFh -ACONST=00h-07FFFh \
  -ASMALLCONST=0F00h-0FFFhx113 -AMEDIUMCONST=0F00h-07FFFh -ACOMRAM=01h-05Fh \
  -AABS1=00h-0E40h -ABIGRAM=01h-0E40h \
  -ARAM=060h-0FFh,0100h-01FFhx13,0E00h-0E40h -ABANK0=060h-0FFh \
  -ABANK1=0100h-01FFh -ABANK2=0200h-02FFh -ABANK3=0300h-03FFh \
  -ABANK4=0400h-04FFh -ABANK5=0500h-05FFh -ABANK6=0600h-06FFh \
  -ABANK7=0700h-07FFh -ABANK8=0800h-08FFh -ABANK9=0900h-09FFh \
  -ABANK10=0A00h-0AFFh -ABANK11=0B00h-0BFFh -ABANK12=0C00h-0CFFh \
  -ABANK13=0D00h-0DFFh -ABANK14=0E00h-0E40h \
  -ASFR=0E41h-0EFFh,0F00h-0F5Fh,0F60h-0FFFh -ABIGSFR=0E41h-0FFFh \
  -ACONFIG=0300000h-030000Dh -AIDLOC=0200000h-0200007h \
  -AEEDATA=0F00000h-0F003FFh -peeprom_data=EEDATA \
  -preset_vec=00h,intcode=08h,intcodelo=018h,powerup,init -pramtop=0F00h \
  -psmallconst=SMALLCONST -pmediumconst=MEDIUMCONST -pconst=CONST \
  -AFARRAM=00h-00h \
  -prdata=COMRAM,nvrram=COMRAM,nvbit=COMRAM,rbss=COMRAM,rbit=COMRAM \
  -pfarbss=FARRAM,fardata=FARRAM,nvFARRAM=FARRAM \
  -pintsave_regs=BIGRAM,bigbss=BIGRAM,bigdata=BIGRAM -pbss=RAM \
  -pidata=CODE,irdata=CODE,ibigdata=CODE,ifardata=CODE -prparam=COMRAM \
  C:\Users\NGUYEN~1\AppData\Local\Temp\xcAs5lg.obj \
  dist/default/debug\G-790B-GS.X.debug.obj 

Object code version is 3.11

Machine type is 18F45K80



                Name                               Link     Load   Length Selector   Space Scale
C:\Users\NGUYEN~1\AppData\Local\Temp\xcAs5lg.obj
                idloc                            200000   200000        8        0       5
                config                           300000   300000        E        0       4
                init                                2F2      2F2        4        C       0
                reset_vec                             0        0        4        0       0
dist/default/debug\G-790B-GS.X.debug.obj
                intcodelo                            18       18      2DA        C       0
                intcode                               8        8        6        4       0
                idloc                            200000   200000        8        0       5
                config                           300000   300000        E        0       4
                temp                                 42       42        1        1       1
                mediumconst                        64FC     64FC     1B04     327E       0
                intcode_body                        FF0      FF0      1AC        C       0
                text38                             202C     202C       2A        C       0
                text36                             2002     2002       2A        C       0
                text35                             1D7E     1D7E       52        C       0
                text34                             1DD0     1DD0       42        C       0
                text33                             20D0     20D0        2     1068       0
                text32                              ABA      ABA      326        C       0
                text31                             1FD8     1FD8       2A        C       0
                text30                             1A72     1A72       96        C       0
                text29                             1584     1584      110        C       0
                text28                             1C6C     1C6C       5E        C       0
                text27                             1468     1468      11C        C       0
                text26                             2056     2056       28        C       0
                text25                             1E8A     1E8A       36        C       0
                text24                             1F54     1F54       30        C       0
                text23                             1D24     1D24       5A        C       0
                text22                             1C00     1C00       6C        C       0
                text21                             1E12     1E12       40        C       0
                text20                             19CE     19CE       A4        C       0
                text19                             119C     119C      1A0        C       0
                text18                             185C     185C       C4        C       0
                text17                             20B8     20B8       14        C       0
                text16                             20A4     20A4       14        C       0
                text15                             133C     133C      12C        C       0
                text14                             1FAE     1FAE       2A        C       0
                text13                             1F24     1F24       30        C       0
                text12                             1B08     1B08       82        C       0
                text11                             1EF4     1EF4       30        C       0
                text10                             1CCA     1CCA       5A        C       0
                text9                              1920     1920       AE        C       0
                text8                              1E52     1E52       38        C       0
                text7                              1694     1694       F4        C       0
                text6                              1788     1788       D4        C       0
                text5                              1F84     1F84       2A        C       0
                text4                              207E     207E       26        C       0
                text3                              1EC0     1EC0       34        C       0
                text2                               2F6      2F6      3F6        C       0
                text1                               DE0      DE0      210        C       0
                text0                               6EC      6EC      3CE        C       0
                cstackCOMRAM                          1        1       24        1       1
                cstackBANK0                          B0       B0       41       60       1
                bssBIGRAM                           1D2      1D2      1F4      1D2       1
                bssBANK1                            100      100       D2      100       1
                dataBANK0                            F1       F1        3       60       1
                bssBANK0                             60       60       50       60       1
                dataCOMRAM                           41       41        1        1       1
                bssCOMRAM                            25       25       1C        1       1
                cinit                              1B8A     1B8A       76        C       0
                idataBANK0                         20CC     20CC        3        C       0
                idataCOMRAM                        20D2     20D2        1     1068       0

TOTAL           Name                               Link     Load   Length     Space
        CLASS   CODE           
                intcodelo                            18       18      2DA         0
                intcode                               8        8        6         0
                init                                2F2      2F2        4         0
                reset_vec                             0        0        4         0
                intcode_body                        FF0      FF0      1AC         0
                text38                             202C     202C       2A         0
                text36                             2002     2002       2A         0
                text35                             1D7E     1D7E       52         0
                text34                             1DD0     1DD0       42         0
                text33                             20D0     20D0        2         0
                text32                              ABA      ABA      326         0
                text31                             1FD8     1FD8       2A         0
                text30                             1A72     1A72       96         0
                text29                             1584     1584      110         0
                text28                             1C6C     1C6C       5E         0
                text27                             1468     1468      11C         0
                text26                             2056     2056       28         0
                text25                             1E8A     1E8A       36         0
                text24                             1F54     1F54       30         0
                text23                             1D24     1D24       5A         0
                text22                             1C00     1C00       6C         0
                text21                             1E12     1E12       40         0
                text20                             19CE     19CE       A4         0
                text19                             119C     119C      1A0         0
                text18                             185C     185C       C4         0
                text17                             20B8     20B8       14         0
                text16                             20A4     20A4       14         0
                text15                             133C     133C      12C         0
                text14                             1FAE     1FAE       2A         0
                text13                             1F24     1F24       30         0
                text12                             1B08     1B08       82         0
                text11                             1EF4     1EF4       30         0
                text10                             1CCA     1CCA       5A         0
                text9                              1920     1920       AE         0
                text8                              1E52     1E52       38         0
                text7                              1694     1694       F4         0
                text6                              1788     1788       D4         0
                text5                              1F84     1F84       2A         0
                text4                              207E     207E       26         0
                text3                              1EC0     1EC0       34         0
                text2                               2F6      2F6      3F6         0
                text1                               DE0      DE0      210         0
                text0                               6EC      6EC      3CE         0
                cinit                              1B8A     1B8A       76         0
                idataBANK0                         20CC     20CC        3         0
                idataCOMRAM                        20D2     20D2        1         0

        CLASS   CONST          

        CLASS   SMALLCONST     

        CLASS   MEDIUMCONST    
                mediumconst                        64FC     64FC     1B04         0

        CLASS   COMRAM         
                temp                                 42       42        1         1
                cstackCOMRAM                          1        1       24         1
                dataCOMRAM                           41       41        1         1
                bssCOMRAM                            25       25       1C         1

        CLASS   ABS1           

        CLASS   BIGRAM         
                bssBIGRAM                           1D2      1D2      1F4         1

        CLASS   RAM            

        CLASS   BANK0          
                cstackBANK0                          B0       B0       41         1
                dataBANK0                            F1       F1        3         1
                bssBANK0                             60       60       50         1

        CLASS   BANK1          
                bssBANK1                            100      100       D2         1

        CLASS   BANK2          

        CLASS   BANK3          

        CLASS   BANK4          

        CLASS   BANK5          

        CLASS   BANK6          

        CLASS   BANK7          

        CLASS   BANK8          

        CLASS   BANK9          

        CLASS   BANK10         

        CLASS   BANK11         

        CLASS   BANK12         

        CLASS   BANK13         

        CLASS   BANK14         

        CLASS   SFR            

        CLASS   BIGSFR         

        CLASS   CONFIG         
                config                           300000   300000        E         4

        CLASS   IDLOC          
                idloc                            200000   200000        8         5

        CLASS   EEDATA         

        CLASS   FARRAM         

        CLASS   HEAP           

        CLASS   STACK          



SEGMENTS        Name                           Load    Length   Top    Selector   Space  Class

                reset_vec                      000000  000004  000004         0       0  CODE    
                cstackCOMRAM                   000001  000042  000043         1       1  COMRAM  
                intcode                        000008  000006  00000E         4       0  CODE    
                intcodelo                      000018  0020B7  0020CF         C       0  CODE    
                bssBANK0                       000060  000094  0000F4        60       1  BANK0   
                bssBANK1                       000100  0000D2  0001D2       100       1  BANK1   
                bssBIGRAM                      0001D2  0001F4  0003C6       1D2       1  BIGRAM  
                text33                         0020D0  000003  0020D3      1068       0  CODE    
                mediumconst                    0064FC  001B04  008000      327E       0  MEDIUMCO


UNUSED ADDRESS RANGES

        Name                Unused          Largest block    Delta
        BANK0            0000F4-0000FF                C
        BANK10           000A00-000AFF              100
        BANK11           000B00-000BFF              100
        BANK12           000C00-000CFF              100
        BANK13           000D00-000DFF              100
        BANK14           000E00-000E40               41
        BANK3            0003C6-0003FF               3A
        BANK4            000400-0004FF              100
        BANK5            000500-0005FF              100
        BANK6            000600-0006FF              100
        BANK7            000700-0007FF              100
        BANK8            000800-0008FF              100
        BANK9            000900-0009FF              100
        BIGRAM           000043-00005F               1D
                         0000F4-0000FF                C
                         0003C6-000E40              A7B
        BIGSFR           000E41-000FFF              1BF
        CODE             000004-000007                4
                         00000E-000017                A
                         0020CF-0020CF                1
                         0020D3-0064FB             4429
        COMRAM           000043-00005F               1D
        CONST            000004-000007                4
                         00000E-000017                A
                         0020CF-0020CF                1
                         0020D3-0064FB             4429
        EEDATA           F00000-F003FF              400
        MEDIUMCONST      0020CF-0020CF                1
                         0020D3-0064FB             4429
        RAM              0000F4-0000FF                C
                         0003C6-000E40              100
        SFR              000E41-000FFF               BF
        SMALLCONST       0020CF-0020CF                1
                         0020D3-0064FB              100

                                  Symbol Table

?_ADC_Read                        cstackBANK0  0000CB
?___awtoft                        cstackBANK0  0000B3
?___ftmul                         cstackBANK0  0000B6
?___ftpack                        cstackCOMRAM 00001E
?___fttol                         cstackCOMRAM 00001E
?___lwdiv                         cstackCOMRAM 00001E
?___lwmod                         cstackBANK0  0000B0
?___wmul                          cstackCOMRAM 00001E
?__doprnt                         cstackBANK0  0000B5
?_printf                          cstackBANK0  0000C2
?_sprintf                         cstackBANK0  0000C2
ADC_Read@channel                  cstackBANK0  0000CB
ADC_Read@digital                  cstackBANK0  0000D1
Can_init@baud_rate                cstackCOMRAM 000020
Can_init@i                        cstackCOMRAM 000021
Can_init@j                        cstackCOMRAM 000022
Function_Config@a                 cstackBANK0  0000C1
Function_Config@i                 cstackBANK0  0000C2
Function_Config@j                 cstackBANK0  0000C0
Function_Config@k                 cstackBANK0  0000B8
Function_Config@m                 cstackBANK0  0000B0
Init_UserVar@i                    cstackCOMRAM 000022
InterruptHandlerHigh@i            cstackCOMRAM 00000E
InterruptHandlerHigh@lenght       cstackCOMRAM 00000C
InterruptHandlerHigh@ptr          cstackCOMRAM 00000A
InterruptHandlerHigh@tempCANSTAT  cstackCOMRAM 00000D
InterruptHandlerLow@i             cstackCOMRAM 00001D
InterruptHandlerLow@j             cstackCOMRAM 00001C
InterruptHandlerLow@t1_cnt        bssCOMRAM    000029
InterruptHandlerLow@toggle        bssCOMRAM    00002A
InterruptHandlerLow@uart_rest_dly bssCOMRAM    000028
LedWork@mLedCycle_Cnt             bssCOMRAM    000032
Play_Input@files                  cstackBANK0  0000B5
Play_Input@i                      cstackBANK0  0000B7
Play_Input@in_data                cstackBANK0  0000B8
Play_Input@in_data_old            bssBANK0     000073
Play_Task@files                   cstackBANK0  0000B7
Play_Task@i                       cstackBANK0  0000B9
Play_Task@j                       cstackBANK0  0000B6
UART_CheckSum@Str                 cstackCOMRAM 00001E
UART_CheckSum@i                   cstackCOMRAM 000023
UART_CheckSum@len                 cstackCOMRAM 00001F
UART_CheckSum@xorsum              cstackCOMRAM 000021
UART_Handle@checksum              cstackBANK0  0000B1
UART_Handle@command               cstackBANK0  0000B0
UART_Handle@data_l                cstackBANK0  0000B4
UART_Handle@i                     cstackBANK0  0000B3
UART_Handle@pBuf                  cstackCOMRAM 00001E
UART_Init@baud                    cstackCOMRAM 00001E
UART_SendBuf@i                    cstackCOMRAM 000020
UART_SendBuf@len                  cstackCOMRAM 00001F
UART_SendBuf@pBuf                 cstackCOMRAM 00001E
UART_SendCommand@CMD              cstackCOMRAM 000024
UART_SendCommand@dat              cstackBANK0  0000B1
UART_SendCommand@feedback         cstackBANK0  0000B0
_ADCON0                           (abs)        000FC2
_ADCON0bits                       (abs)        000FC2
_ADCON1bits                       (abs)        000FC1
_ADCON2bits                       (abs)        000FC0
_ADC_Init                         text36       002002
_ADC_Read                         text30       001A72
_ADON                             (abs)        007E10
_ADRESH                           (abs)        000FC4
_ADRESL                           (abs)        000FC3
_ANCON0                           (abs)        000F5D
_ANCON1                           (abs)        000F5C
_BAUDCON1bits                     (abs)        000FA7
_BRGCON1                          (abs)        000E43
_BRGCON2                          (abs)        000E44
_BRGCON3                          (abs)        000E45
_CANCON                           (abs)        000F6F
_CANSTAT                          (abs)        000F6E
_CIOCONbits                       (abs)        000F70
_COMSTATbits                      (abs)        000F71
_CanErr_Flag                      bssCOMRAM    000040
_Can_init                         text29       001584
_DIO_Play_Flag                    bssCOMRAM    000030
_Device_init                      text28       001C6C
_Function_Config                  text27       001468
_GO                               (abs)        007E11
_HLVDCON                          (abs)        000FA8
_INTCON                           (abs)        000FF2
_INTCON2bits                      (abs)        000FF1
_INTCONbits                       (abs)        000FF2
_IOCB                             (abs)        000F5A
_IPR1bits                         (abs)        000F9F
_IPR5                             (abs)        000F78
_Init_UserVar                     text25       001E8A
_InterruptHandlerHigh             intcode      000008
_InterruptHandlerLow              intcodelo    000018
_LATA                             (abs)        000F89
_LATB                             (abs)        000F8A
_LATC                             (abs)        000F8B
_LATD                             (abs)        000F8C
_LATDbits                         (abs)        000F8C
_LATE                             (abs)        000F8D
_LedWork                          text24       001F54
_Load_DefaultPara                 text26       002056
_MP3_Demo                         text18       00185C
_MP3_init                         text12       001B08
_ODCON                            (abs)        000F91
_OnlineDevice                     bssBANK0     000079
_PIE1bits                         (abs)        000F9D
_PIE5                             (abs)        000F76
_PIR1bits                         (abs)        000F9E
_PIR5                             (abs)        000F77
_PIR5bits                         (abs)        000F77
_PORTA                            (abs)        000F80
_PORTB                            (abs)        000F81
_PORTC                            (abs)        000F82
_PORTD                            (abs)        000F83
_PORTE                            (abs)        000F84
_PlayDevice                       bssCOMRAM    00002C
_PlayOverFlag                     bssBANK0     000083
_Play_Input                       text20       0019CE
_Play_Task                        text19       00119C
_RCONbits                         (abs)        000FD0
_RCREG1                           (abs)        000FAE
_RCSTA1                           (abs)        000FAB
_RCSTA1bits                       (abs)        000FAB
_RXB0CON                          (abs)        000F60
_RXB0CONbits                      (abs)        000F60
_RXB0SIDH                         (abs)        000F61
_RXB0SIDL                         (abs)        000F62
_RXB1CON                          (abs)        000F30
_RXB1CONbits                      (abs)        000F30
_RXB1D0                           (abs)        000F36
_RXB1DLC                          (abs)        000F35
_RXB1SIDH                         (abs)        000F31
_RXB1SIDL                         (abs)        000F32
_RXF0SIDH                         (abs)        000EE0
_RXF0SIDL                         (abs)        000EE1
_RXF1SIDH                         (abs)        000EE4
_RXF1SIDL                         (abs)        000EE5
_RXF2SIDH                         (abs)        000EE8
_RXF2SIDL                         (abs)        000EE9
_RXF3SIDH                         (abs)        000EEC
_RXF3SIDL                         (abs)        000EED
_RXF4SIDH                         (abs)        000EF0
_RXF4SIDL                         (abs)        000EF1
_RXF5SIDH                         (abs)        000EF4
_RXF5SIDL                         (abs)        000EF5
_RXM0SIDH                         (abs)        000EF8
_RXM0SIDL                         (abs)        000EF9
_RXM1SIDH                         (abs)        000EFC
_RXM1SIDL                         (abs)        000EFD
_ResendCount                      bssBANK0     00007A
_Resend_Flag                      bssBANK0     00007B
_SLRCON                           (abs)        000F90
_SPBRG1                           (abs)        000FAF
_SPBRGH1                          (abs)        000F7D
_Send_buf                         bssBANK0     000095
_T0CON                            (abs)        000FD5
_T1CON                            (abs)        000FCD
_TMR0H                            (abs)        000FD7
_TMR0L                            (abs)        000FD6
_TMR1H                            (abs)        000FCF
_TMR1L                            (abs)        000FCE
_TRISA                            (abs)        000F92
_TRISB                            (abs)        000F93
_TRISBbits                        (abs)        000F93
_TRISC                            (abs)        000F94
_TRISCbits                        (abs)        000F94
_TRISD                            (abs)        000F95
_TRISE                            (abs)        000F96
_TXB1D0                           (abs)        000F16
_TXB1DLC                          (abs)        000F15
_TXB1SIDH                         (abs)        000F11
_TXB1SIDL                         (abs)        000F12
_TXREG1                           (abs)        000FAD
_TXSTA1                           (abs)        000FAC
_Time_xs_Flag                     bssBANK0     000076
_Timer0_init                      text17       0020B8
_Timer1_init                      text16       0020A4
_Timerxs_count                    bssBANK0     000075
_UART_CheckSum                    text23       001D24
_UART_Handle                      text15       00133C
_UART_Init                        text11       001EF4
_UART_ReSend                      text14       001FAE
_UART_ResetCheck                  text10       001CCA
_UART_SendBuf                     text22       001C00
_UART_SendCommand                 text21       001E12
_UartBuf                          bssBANK1     000100
_UartRecvACK                      bssCOMRAM    00002B
_WDTCON                           (abs)        000FD1
_WPUB                             (abs)        000F5B
__HRAM                            (abs)        000000
__Habs1                           abs1         000000
__Hbank0                          bank0        000000
__Hbank1                          bank1        000000
__Hbank10                         bank10       000000
__Hbank11                         bank11       000000
__Hbank12                         bank12       000000
__Hbank13                         bank13       000000
__Hbank14                         bank14       000000
__Hbank2                          bank2        000000
__Hbank3                          bank3        000000
__Hbank4                          bank4        000000
__Hbank5                          bank5        000000
__Hbank6                          bank6        000000
__Hbank7                          bank7        000000
__Hbank8                          bank8        000000
__Hbank9                          bank9        000000
__Hbigbss                         bigbss       000000
__Hbigdata                        bigdata      000000
__Hbigram                         bigram       000000
__Hbigsfr                         bigsfr       000000
__Hbss                            bss          000000
__HbssBANK0                       bssBANK0     000000
__HbssBANK1                       bssBANK1     000000
__HbssBIGRAM                      bssBIGRAM    000000
__HbssCOMRAM                      bssCOMRAM    000000
__Hcinit                          cinit        000000
__Hclrtext                        clrtext      000000
__Hcomram                         comram       000000
__Hconfig                         config       30000E
__Hconst                          const        000000
__HcstackBANK0                    cstackBANK0  000000
__HcstackCOMRAM                   cstackCOMRAM 000000
__Hdata                           data         000000
__HdataBANK0                      dataBANK0    000000
__HdataCOMRAM                     dataCOMRAM   000000
__Heeprom_data                    eeprom_data  000000
__Hfarbss                         farbss       000000
__Hfardata                        fardata      000000
__Hheap                           heap         000000
__Hibigdata                       ibigdata     000000
__Hidata                          idata        000000
__HidataBANK0                     idataBANK0   000000
__HidataCOMRAM                    idataCOMRAM  000000
__Hidloc                          idloc        200008
__Hifardata                       ifardata     000000
__Hinit                           init         0002F6
__Hintcode                        intcode      00000E
__Hintcode_body                   intcode_body 000000
__Hintcodelo                      intcodelo    0002F2
__Hintentry                       intentry     000000
__Hintret                         intret       000000
__Hintsave_regs                   intsave_regs 000000
__Hirdata                         irdata       000000
__Hmediumconst                    mediumconst  008000
__HnvFARRAM                       nvFARRAM     000000
__Hnvbit                          nvbit        000000
__Hnvrram                         nvrram       000000
__Hparam                          rparam       000000
__Hpowerup                        powerup      0002F2
__Hram                            ram          000000
__Hramtop                         ramtop       000F00
__Hrbit                           rbit         000000
__Hrbss                           rbss         000000
__Hrdata                          rdata        000000
__Hreset_vec                      reset_vec    000004
__Hrparam                         rparam       000000
__Hsfr                            sfr          000000
__Hsmallconst                     smallconst   000000
__Hspace_0                        (abs)        008000
__Hspace_1                        (abs)        0003C6
__Hspace_2                        (abs)        000000
__Hspace_4                        (abs)        60000E
__Hstack                          stack        000000
__Hstruct                         struct       000000
__Htemp                           temp         000043
__Htext                           text         000000
__Htext0                          text0        000000
__Htext1                          text1        000000
__Htext10                         text10       000000
__Htext11                         text11       000000
__Htext12                         text12       000000
__Htext13                         text13       000000
__Htext14                         text14       000000
__Htext15                         text15       000000
__Htext16                         text16       000000
__Htext17                         text17       000000
__Htext18                         text18       000000
__Htext19                         text19       000000
__Htext2                          text2        000000
__Htext20                         text20       000000
__Htext21                         text21       000000
__Htext22                         text22       000000
__Htext23                         text23       000000
__Htext24                         text24       000000
__Htext25                         text25       000000
__Htext26                         text26       000000
__Htext27                         text27       000000
__Htext28                         text28       000000
__Htext29                         text29       000000
__Htext3                          text3        000000
__Htext30                         text30       000000
__Htext31                         text31       000000
__Htext32                         text32       000000
__Htext33                         text33       000000
__Htext34                         text34       000000
__Htext35                         text35       000000
__Htext36                         text36       000000
__Htext38                         text38       000000
__Htext4                          text4        000000
__Htext5                          text5        000000
__Htext6                          text6        000000
__Htext7                          text7        000000
__Htext8                          text8        000000
__Htext9                          text9        000000
__LRAM                            (abs)        000001
__Labs1                           abs1         000000
__Lbank0                          bank0        000000
__Lbank1                          bank1        000000
__Lbank10                         bank10       000000
__Lbank11                         bank11       000000
__Lbank12                         bank12       000000
__Lbank13                         bank13       000000
__Lbank14                         bank14       000000
__Lbank2                          bank2        000000
__Lbank3                          bank3        000000
__Lbank4                          bank4        000000
__Lbank5                          bank5        000000
__Lbank6                          bank6        000000
__Lbank7                          bank7        000000
__Lbank8                          bank8        000000
__Lbank9                          bank9        000000
__Lbigbss                         bigbss       000000
__Lbigdata                        bigdata      000000
__Lbigram                         bigram       000000
__Lbigsfr                         bigsfr       000000
__Lbss                            bss          000000
__LbssBANK0                       bssBANK0     000000
__LbssBANK1                       bssBANK1     000000
__LbssBIGRAM                      bssBIGRAM    000000
__LbssCOMRAM                      bssCOMRAM    000000
__Lcinit                          cinit        000000
__Lclrtext                        clrtext      000000
__Lcomram                         comram       000000
__Lconfig                         config       000000
__Lconst                          const        000000
__LcstackBANK0                    cstackBANK0  000000
__LcstackCOMRAM                   cstackCOMRAM 000000
__Ldata                           data         000000
__LdataBANK0                      dataBANK0    000000
__LdataCOMRAM                     dataCOMRAM   000000
__Leeprom_data                    eeprom_data  000000
__Lfarbss                         farbss       000000
__Lfardata                        fardata      000000
__Lheap                           heap         000000
__Libigdata                       ibigdata     000000
__Lidata                          idata        000000
__LidataBANK0                     idataBANK0   000000
__LidataCOMRAM                    idataCOMRAM  000000
__Lidloc                          idloc        000000
__Lifardata                       ifardata     000000
__Linit                           init         0002F2
__Lintcode                        intcode      000008
__Lintcode_body                   intcode_body 000000
__Lintcodelo                      intcodelo    000018
__Lintentry                       intentry     000000
__Lintret                         intret       000000
__Lintsave_regs                   intsave_regs 000000
__Lirdata                         irdata       000000
__Lmediumconst                    mediumconst  0064FC
__LnvFARRAM                       nvFARRAM     000000
__Lnvbit                          nvbit        000000
__Lnvrram                         nvrram       000000
__Lparam                          rparam       000000
__Lpowerup                        powerup      0002F2
__Lram                            ram          000000
__Lramtop                         ramtop       000F00
__Lrbit                           rbit         000000
__Lrbss                           rbss         000000
__Lrdata                          rdata        000000
__Lreset_vec                      reset_vec    000000
__Lrparam                         rparam       000000
__Lsfr                            sfr          000000
__Lsmallconst                     smallconst   000000
__Lspace_0                        (abs)        000000
__Lspace_1                        (abs)        000000
__Lspace_2                        (abs)        000000
__Lspace_4                        (abs)        000000
__Lstack                          stack        000000
__Lstruct                         struct       000000
__Ltemp                           temp         000042
__Ltext                           text         000000
__Ltext0                          text0        000000
__Ltext1                          text1        000000
__Ltext10                         text10       000000
__Ltext11                         text11       000000
__Ltext12                         text12       000000
__Ltext13                         text13       000000
__Ltext14                         text14       000000
__Ltext15                         text15       000000
__Ltext16                         text16       000000
__Ltext17                         text17       000000
__Ltext18                         text18       000000
__Ltext19                         text19       000000
__Ltext2                          text2        000000
__Ltext20                         text20       000000
__Ltext21                         text21       000000
__Ltext22                         text22       000000
__Ltext23                         text23       000000
__Ltext24                         text24       000000
__Ltext25                         text25       000000
__Ltext26                         text26       000000
__Ltext27                         text27       000000
__Ltext28                         text28       000000
__Ltext29                         text29       000000
__Ltext3                          text3        000000
__Ltext30                         text30       000000
__Ltext31                         text31       000000
__Ltext32                         text32       000000
__Ltext33                         text33       000000
__Ltext34                         text34       000000
__Ltext35                         text35       000000
__Ltext36                         text36       000000
__Ltext38                         text38       000000
__Ltext4                          text4        000000
__Ltext5                          text5        000000
__Ltext6                          text6        000000
__Ltext7                          text7        000000
__Ltext8                          text8        000000
__Ltext9                          text9        000000
__S0                              (abs)        008000
__S1                              (abs)        0003C6
__S4                              (abs)        000000
__S5                              (abs)        000000
___awtoft                         text8        001E52
___awtoft@c                       cstackBANK0  0000B3
___awtoft@sign                    cstackCOMRAM 000023
___ftmul                          text7        001694
___ftmul@cntr                     cstackBANK0  0000C3
___ftmul@exp                      cstackBANK0  0000BF
___ftmul@f1                       cstackBANK0  0000B6
___ftmul@f2                       cstackBANK0  0000B9
___ftmul@f3_as_product            cstackBANK0  0000C0
___ftmul@sign                     cstackBANK0  0000C4
___ftpack                         text9        001920
___ftpack@arg                     cstackCOMRAM 00001E
___ftpack@exp                     cstackCOMRAM 000021
___ftpack@sign                    cstackCOMRAM 000022
___fttol                          text6        001788
___fttol@exp1                     cstackBANK0  0000BA
___fttol@f1                       cstackCOMRAM 00001E
___fttol@lval                     cstackBANK0  0000B6
___fttol@sign1                    cstackBANK0  0000B5
___heap_hi                        (abs)        000000
___heap_lo                        (abs)        000000
___inthi_sp                       stack        000000
___intlo_sp                       stack        000000
___lbmod                          text5        001F84
___lbmod@counter                  cstackCOMRAM 000020
___lbmod@dividend                 cstackCOMRAM 00001F
___lbmod@divisor                  cstackCOMRAM 00001E
___lbmod@rem                      cstackCOMRAM 000021
___lwdiv                          text35       001D7E
___lwdiv@counter                  cstackCOMRAM 000022
___lwdiv@dividend                 cstackCOMRAM 00001E
___lwdiv@divisor                  cstackCOMRAM 000020
___lwdiv@quotient                 cstackCOMRAM 000023
___lwmod                          text34       001DD0
___lwmod@counter                  cstackBANK0  0000B4
___lwmod@dividend                 cstackBANK0  0000B0
___lwmod@divisor                  cstackBANK0  0000B2
___param_bank                     (abs)        000000
___rparam_used                    (abs)        000001
___sp                             stack        000000
___wmul                           text4        00207E
___wmul@multiplicand              cstackCOMRAM 000020
___wmul@multiplier                cstackCOMRAM 00001E
___wmul@product                   cstackCOMRAM 000022
__accesstop                       (abs)        000060
__activetblptr                    (abs)        000002
__doprnt                          text32       000ABA
__doprnt@ap                       cstackBANK0  0000B8
__doprnt@c                        cstackBANK0  0000C1
__doprnt@cp                       cstackBANK0  0000BF
__doprnt@f                        cstackBANK0  0000B6
__doprnt@flag                     cstackBANK0  0000BB
__doprnt@pb                       cstackBANK0  0000B5
__doprnt@prec                     cstackBANK0  0000BC
__doprnt@val                      cstackBANK0  0000BD
__end_of_ADC_Init                 text36       00202C
__end_of_ADC_Read                 text30       001B08
__end_of_Can_init                 text29       001694
__end_of_Device_init              text28       001CCA
__end_of_Function_Config          text27       001584
__end_of_Init_UserVar             text25       001EC0
__end_of_InterruptHandlerHigh     intcode_body 00119C
__end_of_InterruptHandlerLow      intcodelo    0002F2
__end_of_LedWork                  text24       001F84
__end_of_Load_DefaultPara         text26       00207E
__end_of_MP3_Demo                 text18       001920
__end_of_MP3_init                 text12       001B8A
__end_of_Play_Input               text20       001A72
__end_of_Play_Task                text19       00133C
__end_of_Timer0_init              text17       0020CC
__end_of_Timer1_init              text16       0020B8
__end_of_UART_CheckSum            text23       001D7E
__end_of_UART_Handle              text15       001468
__end_of_UART_Init                text11       001F24
__end_of_UART_ReSend              text14       001FD8
__end_of_UART_ResetCheck          text10       001D24
__end_of_UART_SendBuf             text22       001C6C
__end_of_UART_SendCommand         text21       001E52
__end_of___awtoft                 text8        001E8A
__end_of___ftmul                  text7        001788
__end_of___ftpack                 text9        0019CE
__end_of___fttol                  text6        00185C
__end_of___lbmod                  text5        001FAE
__end_of___lwdiv                  text35       001DD0
__end_of___lwmod                  text34       001E12
__end_of___wmul                   text4        0020A4
__end_of__doprnt                  text32       000DE0
__end_of__initialization          cinit        001BF2
__end_of_delay_ms                 text13       001F54
__end_of_dpowers                  mediumconst  007067
__end_of_main                     text0        000ABA
__end_of_printf                   text31       002002
__end_of_putch                    text33       0020D2
__end_of_read_rx                  text1        000FF0
__end_of_set_output               text2        0006EC
__end_of_sprintf                  text3        001EF4
__end_of_tFloorTab_non_standard   mediumconst  00705D
__end_of_tFloorTab_standard       mediumconst  006B15
__end_ofi1___lbmod                text38       002056
__initialization                  cinit        001B8A
__mediumconst                     mediumconst  0064FC
__pbssBANK0                       bssBANK0     000060
__pbssBANK1                       bssBANK1     000100
__pbssBIGRAM                      bssBIGRAM    0001D2
__pbssCOMRAM                      bssCOMRAM    000025
__pcinit                          cinit        001B8A
__pcstackBANK0                    cstackBANK0  0000B0
__pcstackCOMRAM                   cstackCOMRAM 000001
__pdataBANK0                      dataBANK0    0000F1
__pdataCOMRAM                     dataCOMRAM   000041
__pidataBANK0                     idataBANK0   0020CC
__pidataCOMRAM                    idataCOMRAM  0020D2
__pintcode                        intcode      000008
__pintcode_body                   intcode_body 000FF0
__pintcodelo                      intcodelo    000018
__pmediumconst                    mediumconst  0064FC
__ptext0                          text0        0006EC
__ptext1                          text1        000DE0
__ptext10                         text10       001CCA
__ptext11                         text11       001EF4
__ptext12                         text12       001B08
__ptext13                         text13       001F24
__ptext14                         text14       001FAE
__ptext15                         text15       00133C
__ptext16                         text16       0020A4
__ptext17                         text17       0020B8
__ptext18                         text18       00185C
__ptext19                         text19       00119C
__ptext2                          text2        0002F6
__ptext20                         text20       0019CE
__ptext21                         text21       001E12
__ptext22                         text22       001C00
__ptext23                         text23       001D24
__ptext24                         text24       001F54
__ptext25                         text25       001E8A
__ptext26                         text26       002056
__ptext27                         text27       001468
__ptext28                         text28       001C6C
__ptext29                         text29       001584
__ptext3                          text3        001EC0
__ptext30                         text30       001A72
__ptext31                         text31       001FD8
__ptext32                         text32       000ABA
__ptext33                         text33       0020D0
__ptext34                         text34       001DD0
__ptext35                         text35       001D7E
__ptext36                         text36       002002
__ptext38                         text38       00202C
__ptext4                          text4        00207E
__ptext5                          text5        001F84
__ptext6                          text6        001788
__ptext7                          text7        001694
__ptext8                          text8        001E52
__ptext9                          text9        001920
__ramtop                          ramtop       000F00
__smallconst                      smallconst   000000
_arrive_flag                      bssBANK0     00008A
_bTime_Fg                         bssBANK0     00007E
_can_inittime                     bssBANK0     000092
_com_can_work                     bssBANK0     000094
_delay_ms                         text13       001F24
_door_command                     bssBANK0     000090
_door_flag                        bssCOMRAM    00003F
_door_msg                         bssBANK0     00008F
_door_state                       dataBANK0    0000F1
_dpowers                          mediumconst  00705D
_fire_alarm                       bssBANK0     000087
_fire_evacuation                  bssBANK0     000086
_fire_state                       bssBANK0     000085
_floor                            dataBANK0    0000F3
_floor_flag                       bssCOMRAM    00003C
_floor_msg                        dataCOMRAM   000041
_floor_timer                      bssBANK0     00008B
_hse_heartbeat                    bssBANK0     000093
_in                               bssCOMRAM    000038
_input                            bssCOMRAM    000025
_mRx1Head                         bssCOMRAM    00002F
_mValumn_Switch                   bssCOMRAM    000037
_main                             text0        0006EC
_message_status                   bssBANK0     000071
_music_back_status                bssBANK0     000080
_music_back_timer                 bssBANK0     000069
_music_file                       bssCOMRAM    00003E
_music_floor_file                 bssBANK0     000082
_music_init_finish                bssCOMRAM    000033
_music_led_no_good                bssBANK0     00007F
_music_output_timer               bssCOMRAM    000035
_music_reset_number               bssCOMRAM    000034
_music_volumn                     bssCOMRAM    000036
_nmtstate                         bssBANK0     000091
_nmtwait                          bssBANK0     00006B
_p                                bssBANK0     000060
_paly_num                         bssCOMRAM    000031
_play_arrow                       bssBANK0     00008C
_play_status                      bssBANK0     000074
_play_timer                       bssBANK0     000081
_printf                           text31       001FD8
_putch                            text33       0020D0
_rc                               bssCOMRAM    00003A
_read_rx                          text1        000DE0
_reset_flag                       bssBANK0     000077
_ri                               bssCOMRAM    000039
_ro                               bssBANK0     000088
_rx                               bssBIGRAM    0001D2
_sReceive_status                  bssBANK0     00009F
_set_output                       text2        0002F6
_speech_lift                      bssBANK0     00008E
_sprintf                          text3        001EC0
_tFloorTab_non_standard           mediumconst  006B15
_tFloorTab_standard               mediumconst  0064FD
_uart1_err_status                 bssBANK0     000078
_uart1_send_busy                  bssBANK0     00007D
_uart1_send_len                   bssBANK0     00007C
_uart1_send_ro                    bssCOMRAM    00002D
_uart1_send_to                    bssCOMRAM    00002E
_uart1_status_ok                  bssBANK0     000084
_updown_flag                      bssCOMRAM    00003B
_updown_msg                       bssBANK0     00008D
_updown_msg_old                   bssBANK0     000089
_virt_out                         bssBANK0     0000A9
_warn_flag                        bssCOMRAM    00003D
_warn_msg                         bssBANK0     00006F
_warn_msg_old                     bssBANK0     00006D
btemp                             temp         000042
delay_ms@i                        cstackCOMRAM 000020
delay_ms@tick                     cstackCOMRAM 00001E
end_of_initialization             cinit        001BF2
i1___lbmod                        text38       00202C
i1___lbmod@counter                cstackCOMRAM 000011
i1___lbmod@dividend               cstackCOMRAM 000010
i1___lbmod@divisor                cstackCOMRAM 00000F
i1___lbmod@rem                    cstackCOMRAM 000012
int$flags                         temp         000042
int_func                          intcode_body 000FF0
intlevel0                         text         000000
intlevel1                         text         000000
intlevel2                         text         000000
intlevel3                         text         000000
isa$std                           (abs)        000001
isa$xinst                         (abs)        000000
main@baudrate                     cstackBANK0  0000EB
main@digital                      cstackBANK0  0000E9
main@old_volume                   cstackBANK0  0000E7
main@voltage                      cstackBANK0  0000EC
main@volume                       cstackBANK0  0000EF
printf@ap                         cstackBANK0  0000C6
printf@f                          cstackBANK0  0000C2
printf@pb                         cstackBANK0  0000C7
read_rx@i                         cstackBANK0  0000E5
read_rx@index                     cstackBANK0  0000E2
read_rx@size                      cstackBANK0  0000E4
set_output@buf                    cstackBANK0  0000D1
set_output@finish                 cstackBANK0  0000D6
set_output@floor_ten              cstackBANK0  0000D7
set_output@floor_unit             cstackBANK0  0000D8
set_output@i                      cstackBANK0  0000DB
set_output@iotype                 cstackBANK0  0000D9
set_output@j                      cstackBANK0  0000DD
set_output@mes                    cstackBANK0  0000DA
set_output@virt                   cstackBANK0  0000CC
sprintf@ap                        cstackBANK0  0000C7
sprintf@f                         cstackBANK0  0000C3
sprintf@pb                        cstackBANK0  0000C8
sprintf@wh                        cstackBANK0  0000C2
stackhi                           (abs)        000000
stacklo                           (abs)        000000
start                             init         0002F2
start_initialization              cinit        001B8A
ttemp5                            temp         000043
ttemp6                            temp         000046
ttemp7                            temp         00004A
wtemp8                            temp         000043


MODULE INFORMATION

Module		Function		Class		Link	Load	Size
../../src/SubProg.c
		_Function_Config		CODE           	1468	0000	284
		_LedWork       		CODE           	1F54	0000	48
		_delay_ms      		CODE           	1F24	0000	48

../../src/SubProg.c estimated size: 380

C:\Program Files\Microchip\xc8\v2.36\pic\sources\c90\common\float.c
		___ftpack      		CODE           	1920	0000	174

C:\Program Files\Microchip\xc8\v2.36\pic\sources\c90\common\float.c estimated size: 174

../../src/Uart.c
		_MP3_init      		CODE           	1B08	0000	130
		_UART_ReSend   		CODE           	1FAE	0000	42
		_UART_CheckSum 		CODE           	1D24	0000	90
		_UART_Init     		CODE           	1EF4	0000	48
		_MP3_Demo      		CODE           	185C	0000	196
		_UART_SendBuf  		CODE           	1C00	0000	108
		_UART_SendCommand		CODE           	1E12	0000	64
		_InterruptHandlerLow		CODE           	0018	0000	730
		_UART_ResetCheck		CODE           	1CCA	0000	90
		_Play_Task     		CODE           	119C	0000	416
		_Play_Input    		CODE           	19CE	0000	164
		_UART_Handle   		CODE           	133C	0000	300

../../src/Uart.c estimated size: 2378

C:\Program Files\Microchip\xc8\v2.36\pic\sources\c90\common\doprnt.c
		__doprnt       		CODE           	0ABA	0000	806

C:\Program Files\Microchip\xc8\v2.36\pic\sources\c90\common\doprnt.c estimated size: 806

C:\Program Files\Microchip\xc8\v2.36\pic\sources\c90\common\sprintf.c
		_sprintf       		CODE           	1EC0	0000	52

C:\Program Files\Microchip\xc8\v2.36\pic\sources\c90\common\sprintf.c estimated size: 52

C:\Program Files\Microchip\xc8\v2.36\pic\sources\c90\common\lwmod.c
		___lwmod       		CODE           	1DD0	0000	66

C:\Program Files\Microchip\xc8\v2.36\pic\sources\c90\common\lwmod.c estimated size: 66

C:\Program Files\Microchip\xc8\v2.36\pic\sources\c90\common\putch.c
		_putch         		CODE           	20D0	0000	2

C:\Program Files\Microchip\xc8\v2.36\pic\sources\c90\common\putch.c estimated size: 2

C:\Program Files\Microchip\xc8\v2.36\pic\sources\c90\common\ftmul.c
		___ftmul       		CODE           	1694	0000	244

C:\Program Files\Microchip\xc8\v2.36\pic\sources\c90\common\ftmul.c estimated size: 244

C:\Program Files\Microchip\xc8\v2.36\pic\sources\c90\common\Umul16.c
		___wmul        		CODE           	207E	0000	38

C:\Program Files\Microchip\xc8\v2.36\pic\sources\c90\common\Umul16.c estimated size: 38

../../src/Canbus.c
		_read_rx       		CODE           	0DE0	0000	528
		_InterruptHandlerHigh		CODE           	0008	0000	434
		_set_output    		CODE           	02F6	0000	1014
		_Can_init      		CODE           	1584	0000	272

../../src/Canbus.c estimated size: 2248

C:\Program Files\Microchip\xc8\v2.36\pic\sources\c90\common\lwdiv.c
		___lwdiv       		CODE           	1D7E	0000	82

C:\Program Files\Microchip\xc8\v2.36\pic\sources\c90\common\lwdiv.c estimated size: 82

C:\Program Files\Microchip\xc8\v2.36\pic\sources\c90\common\lbmod.c
		___lbmod       		CODE           	1F84	0000	42

C:\Program Files\Microchip\xc8\v2.36\pic\sources\c90\common\lbmod.c estimated size: 42

C:\Program Files\Microchip\xc8\v2.36\pic\sources\c90\common\printf.c
		_printf        		CODE           	1FD8	0000	42

C:\Program Files\Microchip\xc8\v2.36\pic\sources\c90\common\printf.c estimated size: 42

C:\Program Files\Microchip\xc8\v2.36\pic\sources\c90\common\fttol.c
		___fttol       		CODE           	1788	0000	212

C:\Program Files\Microchip\xc8\v2.36\pic\sources\c90\common\fttol.c estimated size: 212

shared
		i1___lbmod     		CODE           	202C	0000	42
		_dpowers       		MEDIUMCONST    	705D	0000	10
		_tFloorTab_non_standard		MEDIUMCONST    	6B15	0000	1352
		__initialization		CODE           	1B8A	0000	104
		_tFloorTab_standard		MEDIUMCONST    	64FD	0000	1560

shared estimated size: 3068

../../src/Main.c
		_Timer0_init   		CODE           	20B8	0000	20
		_Device_init   		CODE           	1C6C	0000	94
		_main          		CODE           	06EC	0000	974
		_Load_DefaultPara		CODE           	2056	0000	40
		_Timer1_init   		CODE           	20A4	0000	20
		_Init_UserVar  		CODE           	1E8A	0000	54
		_ADC_Read      		CODE           	1A72	0000	150
		_ADC_Init      		CODE           	2002	0000	42

../../src/Main.c estimated size: 1394

C:\Program Files\Microchip\xc8\v2.36\pic\sources\c90\common\awtoft.c
		___awtoft      		CODE           	1E52	0000	56

C:\Program Files\Microchip\xc8\v2.36\pic\sources\c90\common\awtoft.c estimated size: 56

